//=====================================================
//=====================================================
//Log started: Tue Nov 17 11:48:35 2009
//=====================================================
//=====================================================

//=====================================================
Time: Tue Nov 17 11:48:35 2009
Exception code: C0000005 ACCESS_VIOLATION
Fault address:  5F48167A 01:0008067A C:\WINDOWS\system32\MFC42D.DLL

Registers:
EAX:00000000
EBX:00000000
ECX:00000000
EDX:00000000
ESI:0102F88C
EDI:0102F87C
CS:EIP:001B:5F48167A
SS:ESP:0023:0102F80C  EBP:0102F81C
DS:0023  ES:0023  FS:003B  GS:0000
Flags:00010246

Call stack:
Address   Frame
5F48167A  0102F81C  //=====================================================
//=====================================================
//Log started: Sun Nov 21 15:18:48 2010
//=====================================================
//=====================================================

//=====================================================
Time: Sun Nov 21 15:18:48 2010
Exception code: C0000005 ACCESS_VIOLATION
Fault address:  CCCCCCCC CCCCCCCC:CCCCCCCC ллллллллллллллллллллллллллллллллллллллллллллллллллллллллллллллллллллллллллллллллллллллллллллллллллллллллллллллллллллллллллллллллллллллллллллллллллллллллллллллллллллллллллллллллллллллллллллллллллллллллллллллллллллллллллллллллллллллллллллллллллллллллллллллллллллВЗ

Registers:
EAX:00000001
EBX:00000000
ECX:00FAFFDC
EDX:00FAEEA8
ESI:00FAFBD4
EDI:00FAFA4C
CS:EIP:001B:CCCCCCCC
SS:ESP:0023:00FAF9F4  EBP:CCCCCCCC
DS:0023  ES:0023  FS:003B  GS:0000
Flags:00010246

Call stack:
Address   Frame
CCCCCCCC  00FAF9F0  0000:00000000 
CCCCCCCC  CCCCCCCC  0000:00000000 

//=====================================================
//=====================================================
//Log started: Sun Nov 21 15:26:09 2010
//=====================================================
//=====================================================

//=====================================================
Time: Sun Nov 21 15:26:09 2010
Exception code: C0000005 ACCESS_VIOLATION
Fault address:  CCCCCCCC CCCCCCCC:CCCCCCCC лллллллллллллллллллллллллллллллллллллллллллллллллллллллллллллллллллллллллллллллллллллллллллллллллллллллллллллллллллллллллллллллллллллллллллллллллллллллллллллллллллллллллллллллллллллллллллллллллллллллллллллллллллллллллллллллллллллллллллллллллллллллллллллллллллл

Registers:
EAX:00000001
EBX:00000000
ECX:00FAFFDC
EDX:00FAF19C
ESI:00FAFE74
EDI:00FAFD40
CS:EIP:001B:CCCCCCCC
SS:ESP:0023:00FAFCE8  EBP:CCCCCCCC
DS:0023  ES:0023  FS:003B  GS:0000
Flags:00010246

Call stack:
Address   Frame
CCCCCCCC  00FAFCE4  0000:00000000 
CCCCCCCC  CCCCCCCC  0000:00000000 

//=====================================================
//=====================================================
//Log started: Sun Nov 21 15:27:25 2010
//=====================================================
//=====================================================

//=====================================================
Time: Sun Nov 21 15:27:25 2010
Exception code: C0000005 ACCESS_VIOLATION
Fault address:  CCCCCCCC CCCCCCCC:CCCCCCCC лллллллллллллллллллллллллллллллллллллллллллллллллллллллллллллллллллллллллллллллллллллллллллллллллллллллллллллллллллллллллллллллллллллллллллллллллллллллллллллллллллллллллллллллллллллллллллллллллллллллллллллллллллллллллллллллллллллллллллллллллллллллллллллллллллл

Registers:
EAX:00000001
EBX:00000000
ECX:00FAFFDC
EDX:00FAF19C
ESI:00FAFE74
EDI:00FAFD40
CS:EIP:001B:CCCCCCCC
SS:ESP:0023:00FAFCE8  EBP:CCCCCCCC
DS:0023  ES:0023  FS:003B  GS:0000
Flags:00010246

Call stack:
Address   Frame
CCCCCCCC  00FAFCE4  0000:00000000 
CCCCCCCC  CCCCCCCC  0000:00000000 

//=====================================================
//=====================================================
//Log started: Tue Nov 23 09:06:21 2010
//=====================================================
//=====================================================

//=====================================================
Time: Tue Nov 23 09:06:21 2010
Exception code: C0000005 ACCESS_VIOLATION
Fault address:  CCCCCCCC CCCCCCCC:CCCCCCCC лллллллллллллллллллллллллллллллллллллллллллллллллллллллллллллллллллллллллллллллллллллллллллллллллллллллллллллллллллллллллллллллллллллллллллллллллллллллллллллллллллллллллллллллллллллллллллллллллллллллллллллллллллллллллллллллллллллллллллллллллллллллллллллллллллл

Registers:
EAX:00000001
EBX:00000000
ECX:00FAFFDC
EDX:00FAF19C
ESI:00FAFE74
EDI:00FAFD40
CS:EIP:001B:CCCCCCCC
SS:ESP:0023:00FAFCE8  EBP:CCCCCCCC
DS:0023  ES:0023  FS:003B  GS:0000
Flags:00010246

Call stack:
Address   Frame
CCCCCCCC  00FAFCE4  0000:00000000 
CCCCCCCC  CCCCCCCC  0000:00000000 

//=====================================================
//=====================================================
//Log started: Wed Nov 24 10:19:08 2010
//=====================================================
//=====================================================

//=====================================================
Time: Wed Nov 24 10:19:08 2010
Exception code: C0000005 ACCESS_VIOLATION
Fault address:  CCCCCCCC CCCCCCCC:CCCCCCCC лллллллллллллллллллллллллллллллллллллллллллллллллллллллллллллллллллллллллллллллллллллллллллллллллллллллллллллллллллллллллллллллллллллллллллллллллллллллллллллллллллллллллллллллллллллллллллллллллллллллллллллллллллллллллллллллллллллллллллллллллллллллллллллллллллл

Registers:
EAX:00000001
EBX:00000000
ECX:00FAFFDC
EDX:00FAF19C
ESI:00FAFE74
EDI:00FAFD40
CS:EIP:001B:CCCCCCCC
SS:ESP:0023:00FAFCE8  EBP:CCCCCCCC
DS:0023  ES:0023  FS:003B  GS:0000
Flags:00010246

Call stack:
Address   Frame
CCCCCCCC  00FAFCE4  0000:00000000 
CCCCCCCC  CCCCCCCC  0000:00000000 

//=====================================================
//=====================================================
//Log started: Wed Nov 24 10:48:01 2010
//=====================================================
//=====================================================

//=====================================================
Time: Wed Nov 24 10:48:01 2010
Exception code: C0000005 ACCESS_VIOLATION
Fault address:  CCCCCCCC CCCCCCCC:CCCCCCCC ллллллллллллллллллллллллллллллллллллллллллллллллллллллллллллллллллллллллллллллллллллллллллллллллллллллллллллллллллллллллллллллллллллллллллллллллллллллллллллллллллллллллллллллллллллллллллллллллллллллллллллллллллллллллллллллллллллллллллллллллллллллллллллллллллллВЗ

Registers:
EAX:00000001
EBX:00000000
ECX:00FAFFDC
EDX:00FAEEA8
ESI:00FAFBD4
EDI:00FAFA4C
CS:EIP:001B:CCCCCCCC
SS:ESP:0023:00FAF9F4  EBP:CCCCCCCC
DS:0023  ES:0023  FS:003B  GS:0000
Flags:00010246

Call stack:
Address   Frame
CCCCCCCC  00FAF9F0  0000:00000000 
CCCCCCCC  CCCCCCCC  0000:00000000 

//=====================================================
//=====================================================
//Log started: Tue Nov 30 15:08:41 2010
//=====================================================
//=====================================================

//=====================================================
Time: Tue Nov 30 15:08:41 2010
Exception code: C0000005 ACCESS_VIOLATION
Fault address:  CCCCCCCC CCCCCCCC:CCCCCCCC лллллллллллллллллллллллллллллллллллллллллллллллллллллллллллллллллллллллллллллллллллллллллллллллллллллллллллллллллллллллллллллллллллллллллллллллллллллллллллллллллллллллллллллллллллллллллллллллллллллллллллллллллллллллллллллллллллллллллллллллллллллллллллллллллллл

Registers:
EAX:00000001
EBX:00000000
ECX:00FAFFDC
EDX:00FAF19C
ESI:00FAFE74
EDI:00FAFD40
CS:EIP:001B:CCCCCCCC
SS:ESP:0023:00FAFCE8  EBP:CCCCCCCC
DS:0023  ES:0023  FS:003B  GS:0000
Flags:00010246

Call stack:
Address   Frame
CCCCCCCC  00FAFCE4  0000:00000000 
CCCCCCCC  CCCCCCCC  0000:00000000 

//=====================================================
//=====================================================
//Log started: Tue Nov 30 15:27:47 2010
//=====================================================
//=====================================================

//=====================================================
Time: Tue Nov 30 15:27:47 2010
Exception code: C0000005 ACCESS_VIOLATION
Fault address:  CCCCCCCC CCCCCCCC:CCCCCCCC лллллллллллллллллллллллллллллллллллллллллллллллллллллллллллллллллллллллллллллллллллллллллллллллллллллллллллллллллллллллллллллллллллллллллллллллллллллллллллллллллллллллллллллллллллллллллллллллллллллллллллллллллллллллллллллллллллллллллллллллллллллллллллллллллллл

Registers:
EAX:00000001
EBX:00000000
ECX:00FAFFDC
EDX:00FAF19C
ESI:00FAFE74
EDI:00FAFD40
CS:EIP:001B:CCCCCCCC
SS:ESP:0023:00FAFCE8  EBP:CCCCCCCC
DS:0023  ES:0023  FS:003B  GS:0000
Flags:00010246

Call stack:
Address   Frame
CCCCCCCC  00FAFCE4  0000:00000000 
CCCCCCCC  CCCCCCCC  0000:00000000 

//=====================================================
//=====================================================
//Log started: Thu Dec 02 16:33:20 2010
//=====================================================
//=====================================================

//=====================================================
Time: Thu Dec 02 16:33:20 2010
Exception code: C0000005 ACCESS_VIOLATION
Fault address:  CCCCCCCC CCCCCCCC:CCCCCCCC лллллллллллллллллллллллллллллллллллллллллллллллллллллллллллллллллллллллллллллллллллллллллллллллллллллллллллллллллллллллллллллллллллллллллллллллллллллллллллллллллллллллллллллллллллллллллллллллллллллллллллллллллллллллллллллллллллллллллллллллллллллллллллллллллллл

Registers:
EAX:00000001
EBX:00000000
ECX:00FAFFDC
EDX:00FAF19C
ESI:00FAFE74
EDI:00FAFD40
CS:EIP:001B:CCCCCCCC
SS:ESP:0023:00FAFCE8  EBP:CCCCCCCC
DS:0023  ES:0023  FS:003B  GS:0000
Flags:00010246

Call stack:
Address   Frame
CCCCCCCC  00FAFCE4  0000:00000000 
CCCCCCCC  CCCCCCCC  0000:00000000 

//=====================================================
//=====================================================
//Log started: Mon Dec 06 11:22:51 2010
//=====================================================
//=====================================================

//=====================================================
Time: Mon Dec 06 11:22:51 2010
Exception code: C0000005 ACCESS_VIOLATION
Fault address:  CCCCCCCC CCCCCCCC:CCCCCCCC ллллллллллллллллллллллллллллллллллллллллллллллллллллллллллллллллллллллллллллллллллллллллллллллллллллллллллллллллллллллллллллллллллллллллллллллллллллллллллллллллллллллллллллллллллллллллллллллллллллллллллллллллллллллллллллллллллллллллллллллллллллллллллллллллллллВЗ

Registers:
EAX:00000001
EBX:00000000
ECX:00FAFFDC
EDX:00FAEEA8
ESI:00FAFBD4
EDI:00FAFA4C
CS:EIP:001B:CCCCCCCC
SS:ESP:0023:00FAF9F4  EBP:CCCCCCCC
DS:0023  ES:0023  FS:003B  GS:0000
Flags:00010246

Call stack:
Address   Frame
CCCCCCCC  00FAF9F0  0000:00000000 
CCCCCCCC  CCCCCCCC  0000:00000000 

//=====================================================
//=====================================================
//Log started: Fri Dec 10 17:31:22 2010
//=====================================================
//=====================================================

//=====================================================
Time: Fri Dec 10 17:31:22 2010
Exception code: C0000005 ACCESS_VIOLATION
Fault address:  CCCCCCCC CCCCCCCC:CCCCCCCC лллллллллллллллллллллллллллллллллллллллллллллллллллллллллллллллллллллллллллллллллллллллллллллллллллллллллллллллллллллллллллллллллллллллллллллллллллллллллллллллллллллллллллллллллллллллллллллллллллллллллллллллллллллллллллллллллллллллллллллллллллллллллллллллллллл

Registers:
EAX:00000001
EBX:00000000
ECX:00FAFFDC
EDX:00FAF19C
ESI:00FAFE74
EDI:00FAFD40
CS:EIP:001B:CCCCCCCC
SS:ESP:0023:00FAFCE8  EBP:CCCCCCCC
DS:0023  ES:0023  FS:003B  GS:0000
Flags:00010246

Call stack:
Address   Frame
CCCCCCCC  00FAFCE4  0000:00000000 
CCCCCCCC  CCCCCCCC  0000:00000000 

//=====================================================
//=====================================================
//Log started: Wed Feb 09 16:51:16 2011
//=====================================================
//=====================================================

//=====================================================
Time: Wed Feb 09 16:51:16 2011
Exception code: C0000005 ACCESS_VIOLATION
Fault address:  5F48384A 01:0008284A C:\WINDOWS\system32\MFC42D.DLL

Registers:
EAX:00000000
EBX:00000000
ECX:00000000
EDX:00000000
ESI:07DBFE9C
EDI:07DBFEEC
CS:EIP:001B:5F48384A
SS:ESP:0023:07DBFE78  EBP:07DBFE88
DS:0023  ES:0023  FS:003B  GS:0000
Flags:00010246

Call stack:
Address   Frame
5F48384A  07DBFE88  //=====================================================
//=====================================================
//Log started: Wed Feb 09 16:52:32 2011
//=====================================================
//=====================================================

//=====================================================
Time: Wed Feb 09 16:52:32 2011
Exception code: C0000005 ACCESS_VIOLATION
Fault address:  CCCCCCCC CCCCCCCC:CCCCCCCC лллллллллллллллллллллллллллллллллллллллллллллллллллллллллллллллллллллллллллллллллллллллллллллллллллллллллллллллллллллллллллллллллллллллллллллллллллллллллллллллллллллллллллллллллллллллллллллллллллллллллллллллллллллллллллллллллллллллллллллллллллллллллллллллллллл

Registers:
EAX:00000001
EBX:00000000
ECX:00FAFFDC
EDX:00FAF19C
ESI:00FAFE74
EDI:00FAFD40
CS:EIP:001B:CCCCCCCC
SS:ESP:0023:00FAFCE8  EBP:CCCCCCCC
DS:0023  ES:0023  FS:003B  GS:0000
Flags:00010246

Call stack:
Address   Frame
CCCCCCCC  00FAFCE4  0000:00000000 
CCCCCCCC  CCCCCCCC  0000:00000000 

//=====================================================
//=====================================================
//Log started: Sat Sep 15 16:23:08 2012
//=====================================================
//=====================================================

//=====================================================
Time: Sat Sep 15 16:23:08 2012
Exception code: C0000005 ACCESS_VIOLATION
Fault address:  CCCCCCCC CCCCCCCC:CCCCCCCC ллллллллллллллллллллллллллллллллллллллллллллллллллллллллллллллллллллллллллллллллллллллллллллллллллллллллллллллллллллллллллллллллллллллллллллллллллллллллллллллллллллллллллллллллллллллллллллллллллллллллллллллллллллллллллллллллллллллллллллллллллллллллллллллллллллЬРЛ:TP@Ю╨
PЖРL

Registers:
EAX:00000001
EBX:00000000
ECX:05F2FFC4
EDX:05F2F170
ESI:05F2FE48
EDI:05F2FD14
CS:EIP:0023:CCCCCCCC
SS:ESP:002B:05F2FCBC  EBP:CCCCCCCC
DS:002B  ES:002B  FS:0053  GS:002B
Flags:00010246

Call stack:
Address   Frame
CCCCCCCC  05F2FCB8  0000:00000000 
CCCCCCCC  05F2FD14  0000:00000000 
0044847A  05F2FD74  0001:0004747A E:\61850\61850╢Ф╣╣\client\IeCli.exe
0047AA3A  05F2FDDC  0001:00079A3A E:\61850\61850╢Ф╣╣\client\IeCli.exe
0047A87A  05F2FE40  0001:0007987A E:\61850\61850╢Ф╣╣\client\IeCli.exe
004154D1  05F2FF88  0001:000144D1 E:\61850\61850╢Ф╣╣\client\IeCli.exe
759C339A  05F2FF94  //=====================================================
//=====================================================
//Log started: Sun Jul 27 11:31:05 2014
//=====================================================
//=====================================================

//=====================================================
Time: Sun Jul 27 11:31:05 2014
Exception code: C0000005 ACCESS_VIOLATION
Fault address:  CCCCCCCC CCCCCCCC:CCCCCCCC ллллллллллллллллллллллллллллллллллллллллллллллллллллллллллллллллллллллллллллллллллллллллллллллллллллллллллллллллллллллллллллллллллллллллллллллллллллллллллллллллллллллллллллллллллллллллллллллллллллллллллллллллллллллллллллллллллллллллллллллллллллллллллллллллллллУ
yrтS╟uj

Registers:
EAX:00000001
EBX:00000000
ECX:070AFFC4
EDX:070AEE80
ESI:070AFBAC
EDI:070AFA24
CS:EIP:0023:CCCCCCCC
SS:ESP:002B:070AF9CC  EBP:CCCCCCCC
DS:002B  ES:002B  FS:0053  GS:002B
Flags:00010246

Call stack:
Address   Frame
CCCCCCCC  070AF9C8  0000:00000000 
CCCCCCCC  070AFA24  0000:00000000 
0044847A  070AFA84  0001:0004747A E:\61850\61850╢Ф╣╣\client\IeCli.exe
0047AA3A  070AFAEC  0001:00079A3A E:\61850\61850╢Ф╣╣\client\IeCli.exe
0047A87A  070AFB50  0001:0007987A E:\61850\61850╢Ф╣╣\client\IeCli.exe
004040DA  070AFBA4  0001:000030DA E:\61850\61850╢Ф╣╣\client\IeCli.exe
00403FEF  070AFC04  0001:00002FEF E:\61850\61850╢Ф╣╣\client\IeCli.exe
0040834E  070AFD78  0001:0000734E E:\61850\61850╢Ф╣╣\client\IeCli.exe
004089F7  070AFDD8  0001:000079F7 E:\61850\61850╢Ф╣╣\client\IeCli.exe
0041773C  070AFE3C  0001:0001673C E:\61850\61850╢Ф╣╣\client\IeCli.exe
00415A7F  070AFF88  0001:00014A7F E:\61850\61850╢Ф╣╣\client\IeCli.exe
75F3338A  070AFF94  